
> temp_app@0.1.0 build
> next build

npm : ΓÜá Warning: 
Next.js inferred 
your workspace root, 
but it may not be 
correct.
At line:1 char:1
+ npm run build 2>&1 
| Out-File -FilePath 
build_error.log
+ ~~~~~~~~~~~~~~~~~~
    + CategoryInfo   
           : NotSpe  
  cified: (ΓÜá War   
 ning: Ne...not b    
e correct.:Strin    
g) [], RemoteExc    
eption
    + FullyQualified 
   ErrorId : Native  
  CommandError
 
 We detected 
multiple lockfiles 
and selected the 
directory of C:\Users
\osman\package-lock.j
son as the root 
directory.
 To silence this 
warning, set 
`turbopack.root` in 
your Next.js config, 
or consider removing 
one of the lockfiles 
if it's not needed.
   See https://nextjs
.org/docs/app/api-ref
erence/config/next-co
nfig-js/turbopack#roo
t-directory for more 
information.
 Detected additional 
lockfiles: 
   * C:\Users\osman\O
neDrive\Desktop\hr da
ta\package-lock.json

Γû▓ Next.js 16.1.6 (Turbopack)
- Environments: .env

  Creating an optimized production build ...
Γ£ô Compiled successfully in 3.9s
  Running TypeScript ...
Failed to compile.

./prisma/seed.ts:4:22
Type error: Could 
not find a 
declaration file for 
module 
'better-sqlite3'. 'C:
/Users/osman/OneDrive
/Desktop/hr data/node
_modules/better-sqlit
e3/lib/index.js' 
implicitly has an 
'any' type.
  Try `npm i 
--save-dev @types/bet
ter-sqlite3` if it 
exists or add a new 
declaration (.d.ts) 
file containing 
`declare module 
'better-sqlite3';`

[0m [90m 2 |[39m 
[36mimport[39m { [
33mPrismaClient[39m 
} [36mfrom[39m [32
m'@prisma/client'[39
m
 [90m 3 |[39m 
[36mimport[39m { [
33mPrismaBetterSqlite
3[39m } 
[36mfrom[39m [32m'
@prisma/adapter-bette
r-sqlite3'[39m
[31m[1m>[22m[39m
[90m 4 |[39m 
[36mimport[39m 
[33mDatabase[39m 
[36mfrom[39m [32m'
better-sqlite3'[39m
 [90m   |[39m      
                
[31m[1m^[22m[39m
 [90m 5 |[39m
 [90m 6 |[39m 
[90m// In Prisma 7, 
PrismaBetterSqlite3 
is an adapter 
factory.[39m
 [90m 7 |[39m 
[36mconst[39m 
adapter [33m=[39m 
[36mnew[39m [33mPr
ismaBetterSqlite3[39
m({ url[33m:[39m [
32m'file:./dev.db'[3
9m })[0m
Next.js build worker 
exited with code: 1 
and signal: null
